Success: {'message': 'Signup successful! Please check your email to verify your account.', 'token': 'd1977a94-bb8d-4ae3-9571-1b8af561cbd9'}